// Jest Snapshot v1, https://goo.gl/fbAQLP

exports[`Render Map Render Map 1`] = `
<div
  style={
    Object {
      "height": "100%",
      "width": "100%",
    }
  }
/>
`;
