// Jest Snapshot v1, https://goo.gl/fbAQLP

exports[`Render Main Render Main 1`] = `
<div
  className="page page--gray page--main"
>
  <header
    className="header"
  >
    <div
      className="container"
    >
      <div
        className="header__wrapper"
      >
        <div
          className="header__left"
        >
          <a
            className="header__logo-link header__logo-link--active"
            href="/"
            onClick={[Function]}
          >
            <img
              alt="6 cities logo"
              className="header__logo"
              height="41"
              src="img/logo.svg"
              width="81"
            />
          </a>
        </div>
        <nav
          className="header__nav"
        >
          <ul
            className="header__nav-list"
          >
            <li
              className="header__nav-item user"
            >
              <span
                className="header__nav-link header__nav-link--profile"
              >
                <div
                  className="header__avatar-wrapper user__avatar-wrapper"
                />
                <a
                  className="header__login"
                  href="/login"
                  onClick={[Function]}
                >
                  Sign in
                </a>
              </span>
            </li>
          </ul>
        </nav>
      </div>
    </div>
  </header>
  <main
    className="page__main page__main--index "
  >
    <h1
      className="visually-hidden"
    >
      Cities
    </h1>
    <CitiesList />
    <div
      className="cities"
    >
      <div
        className="cities__places-container  container"
      >
        <section
          className="cities__places places"
        >
          <h2
            className="visually-hidden"
          >
            Places
          </h2>
          <b
            className="places__found"
          >
            1
             places to stay in 
            Amsterdam
          </b>
          <Sorting />
          <PLaceList
            activePlaceIndex={-1}
            handleHover={[Function]}
            offers={
              Array [
                Object {
                  "adults": 3,
                  "avatar": "img/avatar-angelina.jpg",
                  "bedrooms": 1,
                  "city": "Amsterdam",
                  "cityId": 4,
                  "coord": Array [
                    52.388540000000006,
                    4.899976,
                  ],
                  "description": "A new spacious villa, one floor.",
                  "goods": Array [
                    [Function],
                  ],
                  "id": 5,
                  "images": Array [
                    "https://assets.htmlacademy.ru/intensives/javascript-3/hotel/10.jpg",
                  ],
                  "imgLink": "https://assets.htmlacademy.ru/intensives/javascript-3/hotel/16.jpg",
                  "isFavorite": true,
                  "isPremium": false,
                  "name": "Angelina",
                  "price": 134,
                  "rating": 2.2,
                  "threeImages": Array [
                    "https://assets.htmlacademy.ru/intensives/javascript-3/hotel/10.jpg",
                  ],
                  "title": "The house among olive",
                  "type": "test",
                },
              ]
            }
            onHover={[MockFunction]}
          />
        </section>
        <div
          className="cities__right-section"
        >
          <Coord
            activeCity={
              Object {
                "coord": Array [
                  54,
                  45,
                ],
                "id": 2,
                "name": "Amsterdam",
              }
            }
            activeOffer={
              Array [
                52.388540000000006,
                4.899976,
              ]
            }
            coords={
              Array [
                Array [
                  52.388540000000006,
                  4.899976,
                ],
              ]
            }
          />
        </div>
      </div>
    </div>
  </main>
</div>
`;
